Warnings, critical warnings and errors from synthesis and implementation

Created: 2026-06-16 21:49:57

----SYNTHESIS----
WARNING: [Synth 8-7129] Port dbus\.addr[31] in module servo is either unconnected or has no load
WARNING: [Synth 8-7129] Port dbus\.addr[30] in module servo is either unconnected or has no load
WARNING: [Synth 8-7129] Port dbus\.addr[29] in module servo is either unconnected or has no load
WARNING: [Synth 8-7129] Port dbus\.addr[28] in module servo is either unconnected or has no load
WARNING: [Synth 8-7129] Port dbus\.addr[27] in module servo is either unconnected or has no load
WARNING: [Synth 8-7129] Port dbus\.addr[26] in module servo is either unconnected or has no load
WARNING: [Synth 8-7129] Port dbus\.addr[25] in module servo is either unconnected or has no load
WARNING: [Synth 8-7129] Port dbus\.addr[24] in module servo is either unconnected or has no load
WARNING: [Synth 8-7129] Port dbus\.addr[23] in module servo is either unconnected or has no load
WARNING: [Synth 8-7129] Port dbus\.addr[22] in module servo is either unconnected or has no load
WARNING: [Synth 8-7129] Port dbus\.addr[21] in module servo is either unconnected or has no load
WARNING: [Synth 8-7129] Port dbus\.addr[20] in module servo is either unconnected or has no load
WARNING: [Synth 8-7129] Port dbus\.addr[19] in module servo is either unconnected or has no load
WARNING: [Synth 8-7129] Port dbus\.addr[18] in module servo is either unconnected or has no load
WARNING: [Synth 8-7129] Port dbus\.addr[17] in module servo is either unconnected or has no load
WARNING: [Synth 8-7129] Port dbus\.addr[16] in module servo is either unconnected or has no load
WARNING: [Synth 8-7129] Port dbus\.addr[15] in module servo is either unconnected or has no load
WARNING: [Synth 8-7129] Port dbus\.addr[14] in module servo is either unconnected or has no load
WARNING: [Synth 8-7129] Port dbus\.addr[13] in module servo is either unconnected or has no load
WARNING: [Synth 8-7129] Port dbus\.addr[12] in module servo is either unconnected or has no load
WARNING: [Synth 8-7129] Port dbus\.be[3] in module servo is either unconnected or has no load
WARNING: [Synth 8-7129] Port dbus\.be[2] in module servo is either unconnected or has no load
WARNING: [Synth 8-7129] Port dbus\.be[1] in module servo is either unconnected or has no load
WARNING: [Synth 8-7129] Port dbus\.be[0] in module servo is either unconnected or has no load
WARNING: [Synth 8-7129] Port dbus\.addr[31] in module uart is either unconnected or has no load
WARNING: [Synth 8-7129] Port dbus\.addr[30] in module uart is either unconnected or has no load
WARNING: [Synth 8-7129] Port dbus\.addr[29] in module uart is either unconnected or has no load
WARNING: [Synth 8-7129] Port dbus\.addr[28] in module uart is either unconnected or has no load
WARNING: [Synth 8-7129] Port dbus\.addr[27] in module uart is either unconnected or has no load
WARNING: [Synth 8-7129] Port dbus\.addr[26] in module uart is either unconnected or has no load
WARNING: [Synth 8-7129] Port dbus\.addr[25] in module uart is either unconnected or has no load
WARNING: [Synth 8-7129] Port dbus\.addr[24] in module uart is either unconnected or has no load
WARNING: [Synth 8-7129] Port dbus\.addr[23] in module uart is either unconnected or has no load
WARNING: [Synth 8-7129] Port dbus\.addr[22] in module uart is either unconnected or has no load
WARNING: [Synth 8-7129] Port dbus\.addr[21] in module uart is either unconnected or has no load
WARNING: [Synth 8-7129] Port dbus\.addr[20] in module uart is either unconnected or has no load
WARNING: [Synth 8-7129] Port dbus\.addr[19] in module uart is either unconnected or has no load
WARNING: [Synth 8-7129] Port dbus\.addr[18] in module uart is either unconnected or has no load
WARNING: [Synth 8-7129] Port dbus\.addr[17] in module uart is either unconnected or has no load
WARNING: [Synth 8-7129] Port dbus\.addr[16] in module uart is either unconnected or has no load
WARNING: [Synth 8-7129] Port dbus\.addr[15] in module uart is either unconnected or has no load
WARNING: [Synth 8-7129] Port dbus\.addr[14] in module uart is either unconnected or has no load
WARNING: [Synth 8-7129] Port dbus\.addr[13] in module uart is either unconnected or has no load
WARNING: [Synth 8-7129] Port dbus\.addr[12] in module uart is either unconnected or has no load
WARNING: [Synth 8-7129] Port dbus\.be[3] in module uart is either unconnected or has no load
WARNING: [Synth 8-7129] Port dbus\.be[2] in module uart is either unconnected or has no load
WARNING: [Synth 8-7129] Port dbus\.be[1] in module uart is either unconnected or has no load
WARNING: [Synth 8-7129] Port dbus\.be[0] in module uart is either unconnected or has no load
WARNING: [Synth 8-7129] Port dbus\.addr[31] in module timer is either unconnected or has no load
WARNING: [Synth 8-7129] Port dbus\.addr[30] in module timer is either unconnected or has no load
WARNING: [Synth 8-7129] Port dbus\.addr[29] in module timer is either unconnected or has no load
WARNING: [Synth 8-7129] Port dbus\.addr[28] in module timer is either unconnected or has no load
WARNING: [Synth 8-7129] Port dbus\.addr[27] in module timer is either unconnected or has no load
WARNING: [Synth 8-7129] Port dbus\.addr[26] in module timer is either unconnected or has no load
WARNING: [Synth 8-7129] Port dbus\.addr[25] in module timer is either unconnected or has no load
WARNING: [Synth 8-7129] Port dbus\.addr[24] in module timer is either unconnected or has no load
WARNING: [Synth 8-7129] Port dbus\.addr[23] in module timer is either unconnected or has no load
WARNING: [Synth 8-7129] Port dbus\.addr[22] in module timer is either unconnected or has no load
WARNING: [Synth 8-7129] Port dbus\.addr[21] in module timer is either unconnected or has no load
WARNING: [Synth 8-7129] Port dbus\.addr[20] in module timer is either unconnected or has no load
WARNING: [Synth 8-7129] Port dbus\.addr[19] in module timer is either unconnected or has no load
WARNING: [Synth 8-7129] Port dbus\.addr[18] in module timer is either unconnected or has no load
WARNING: [Synth 8-7129] Port dbus\.addr[17] in module timer is either unconnected or has no load
WARNING: [Synth 8-7129] Port dbus\.addr[16] in module timer is either unconnected or has no load
WARNING: [Synth 8-7129] Port dbus\.addr[15] in module timer is either unconnected or has no load
WARNING: [Synth 8-7129] Port dbus\.addr[14] in module timer is either unconnected or has no load
WARNING: [Synth 8-7129] Port dbus\.addr[13] in module timer is either unconnected or has no load
WARNING: [Synth 8-7129] Port dbus\.addr[12] in module timer is either unconnected or has no load
WARNING: [Synth 8-7129] Port dbus\.be[3] in module timer is either unconnected or has no load
WARNING: [Synth 8-7129] Port dbus\.be[2] in module timer is either unconnected or has no load
WARNING: [Synth 8-7129] Port dbus\.be[1] in module timer is either unconnected or has no load
WARNING: [Synth 8-7129] Port dbus\.be[0] in module timer is either unconnected or has no load
WARNING: [Synth 8-7129] Port dbus\.addr[31] in module gpio is either unconnected or has no load
WARNING: [Synth 8-7129] Port dbus\.addr[30] in module gpio is either unconnected or has no load
WARNING: [Synth 8-7129] Port dbus\.addr[29] in module gpio is either unconnected or has no load
WARNING: [Synth 8-7129] Port dbus\.addr[28] in module gpio is either unconnected or has no load
WARNING: [Synth 8-7129] Port dbus\.addr[27] in module gpio is either unconnected or has no load
WARNING: [Synth 8-7129] Port dbus\.addr[26] in module gpio is either unconnected or has no load
WARNING: [Synth 8-7129] Port dbus\.addr[25] in module gpio is either unconnected or has no load
WARNING: [Synth 8-7129] Port dbus\.addr[24] in module gpio is either unconnected or has no load
WARNING: [Synth 8-7129] Port dbus\.addr[23] in module gpio is either unconnected or has no load
WARNING: [Synth 8-7129] Port dbus\.addr[22] in module gpio is either unconnected or has no load
WARNING: [Synth 8-7129] Port dbus\.addr[21] in module gpio is either unconnected or has no load
WARNING: [Synth 8-7129] Port dbus\.addr[20] in module gpio is either unconnected or has no load
WARNING: [Synth 8-7129] Port dbus\.addr[19] in module gpio is either unconnected or has no load
WARNING: [Synth 8-7129] Port dbus\.addr[18] in module gpio is either unconnected or has no load
WARNING: [Synth 8-7129] Port dbus\.addr[17] in module gpio is either unconnected or has no load
WARNING: [Synth 8-7129] Port dbus\.addr[16] in module gpio is either unconnected or has no load
WARNING: [Synth 8-7129] Port dbus\.addr[15] in module gpio is either unconnected or has no load
WARNING: [Synth 8-7129] Port dbus\.addr[14] in module gpio is either unconnected or has no load
WARNING: [Synth 8-7129] Port dbus\.addr[13] in module gpio is either unconnected or has no load
WARNING: [Synth 8-7129] Port dbus\.addr[12] in module gpio is either unconnected or has no load
WARNING: [Synth 8-7129] Port dbus\.be[3] in module gpio is either unconnected or has no load
WARNING: [Synth 8-7129] Port dbus\.be[2] in module gpio is either unconnected or has no load
WARNING: [Synth 8-7129] Port dbus\.be[1] in module gpio is either unconnected or has no load
WARNING: [Synth 8-7129] Port dbus\.be[0] in module gpio is either unconnected or has no load
WARNING: [Synth 8-7129] Port dbus\.addr[31] in module data_ram is either unconnected or has no load
WARNING: [Synth 8-7129] Port dbus\.addr[30] in module data_ram is either unconnected or has no load
WARNING: [Synth 8-7129] Port dbus\.addr[29] in module data_ram is either unconnected or has no load
WARNING: [Synth 8-7129] Port dbus\.addr[28] in module data_ram is either unconnected or has no load
WARNING: [Synth 8-7080] Parallel synthesis criteria is not met
WARNING: [Synth 8-3295] tying undriven pin u_soc/u_data_ram/unused_dbus_signals_inferred:in0 to constant 0

----IMPLEMENTATION----
WARNING: [DRC CHECK-3] Report rule limit reached: REQP-1839 rule limit reached: 20 violations have been found.
WARNING: [DRC REQP-1839] RAMB36 async control check: The RAMB36E1 u_soc/u_code_rom/readdata_reg_0 has an input control pin u_soc/u_code_rom/readdata_reg_0/ADDRARDADDR[14] (net: u_soc/u_code_rom/ADDRARDADDR[11]) which is driven by a register (u_soc/u_core/u_ifu/pc_reg[22]) that has an active asychronous set or reset. This may cause corruption of the memory contents and/or read values when the set/reset is asserted and is not analyzed by the default static timing analysis. It is suggested to eliminate the use of a set/reset to registers driving this RAMB pin or else use a synchronous reset in which the assertion of the reset is timed by default.
WARNING: [DRC REQP-1839] RAMB36 async control check: The RAMB36E1 u_soc/u_code_rom/readdata_reg_0 has an input control pin u_soc/u_code_rom/readdata_reg_0/ADDRARDADDR[14] (net: u_soc/u_code_rom/ADDRARDADDR[11]) which is driven by a register (u_soc/u_core/u_ifu/pc_reg[24]) that has an active asychronous set or reset. This may cause corruption of the memory contents and/or read values when the set/reset is asserted and is not analyzed by the default static timing analysis. It is suggested to eliminate the use of a set/reset to registers driving this RAMB pin or else use a synchronous reset in which the assertion of the reset is timed by default.
WARNING: [DRC REQP-1839] RAMB36 async control check: The RAMB36E1 u_soc/u_code_rom/readdata_reg_0 has an input control pin u_soc/u_code_rom/readdata_reg_0/ADDRARDADDR[14] (net: u_soc/u_code_rom/ADDRARDADDR[11]) which is driven by a register (u_soc/u_core/u_ifu/pc_reg[25]) that has an active asychronous set or reset. This may cause corruption of the memory contents and/or read values when the set/reset is asserted and is not analyzed by the default static timing analysis. It is suggested to eliminate the use of a set/reset to registers driving this RAMB pin or else use a synchronous reset in which the assertion of the reset is timed by default.
WARNING: [DRC REQP-1839] RAMB36 async control check: The RAMB36E1 u_soc/u_code_rom/readdata_reg_0 has an input control pin u_soc/u_code_rom/readdata_reg_0/ADDRARDADDR[14] (net: u_soc/u_code_rom/ADDRARDADDR[11]) which is driven by a register (u_soc/u_core/u_ifu/pc_reg[26]) that has an active asychronous set or reset. This may cause corruption of the memory contents and/or read values when the set/reset is asserted and is not analyzed by the default static timing analysis. It is suggested to eliminate the use of a set/reset to registers driving this RAMB pin or else use a synchronous reset in which the assertion of the reset is timed by default.
WARNING: [DRC REQP-1839] RAMB36 async control check: The RAMB36E1 u_soc/u_code_rom/readdata_reg_0 has an input control pin u_soc/u_code_rom/readdata_reg_0/ADDRARDADDR[14] (net: u_soc/u_code_rom/ADDRARDADDR[11]) which is driven by a register (u_soc/u_core/u_ifu/pc_reg[4]) that has an active asychronous set or reset. This may cause corruption of the memory contents and/or read values when the set/reset is asserted and is not analyzed by the default static timing analysis. It is suggested to eliminate the use of a set/reset to registers driving this RAMB pin or else use a synchronous reset in which the assertion of the reset is timed by default.
WARNING: [DRC REQP-1839] RAMB36 async control check: The RAMB36E1 u_soc/u_code_rom/readdata_reg_0 has an input control pin u_soc/u_code_rom/readdata_reg_0/ADDRARDADDR[14] (net: u_soc/u_code_rom/ADDRARDADDR[11]) which is driven by a register (u_soc/u_core/u_ifu/pc_reg[5]) that has an active asychronous set or reset. This may cause corruption of the memory contents and/or read values when the set/reset is asserted and is not analyzed by the default static timing analysis. It is suggested to eliminate the use of a set/reset to registers driving this RAMB pin or else use a synchronous reset in which the assertion of the reset is timed by default.
WARNING: [DRC REQP-1839] RAMB36 async control check: The RAMB36E1 u_soc/u_code_rom/readdata_reg_0 has an input control pin u_soc/u_code_rom/readdata_reg_0/ADDRARDADDR[14] (net: u_soc/u_code_rom/ADDRARDADDR[11]) which is driven by a register (u_soc/u_core/u_ifu/pc_reg[6]) that has an active asychronous set or reset. This may cause corruption of the memory contents and/or read values when the set/reset is asserted and is not analyzed by the default static timing analysis. It is suggested to eliminate the use of a set/reset to registers driving this RAMB pin or else use a synchronous reset in which the assertion of the reset is timed by default.
WARNING: [DRC REQP-1839] RAMB36 async control check: The RAMB36E1 u_soc/u_code_rom/readdata_reg_0 has an input control pin u_soc/u_code_rom/readdata_reg_0/ADDRARDADDR[14] (net: u_soc/u_code_rom/ADDRARDADDR[11]) which is driven by a register (u_soc/u_core/u_ifu/pc_reg[7]) that has an active asychronous set or reset. This may cause corruption of the memory contents and/or read values when the set/reset is asserted and is not analyzed by the default static timing analysis. It is suggested to eliminate the use of a set/reset to registers driving this RAMB pin or else use a synchronous reset in which the assertion of the reset is timed by default.
WARNING: [DRC REQP-1839] RAMB36 async control check: The RAMB36E1 u_soc/u_code_rom/readdata_reg_0 has an input control pin u_soc/u_code_rom/readdata_reg_0/ADDRARDADDR[14] (net: u_soc/u_code_rom/ADDRARDADDR[11]) which is driven by a register (u_soc/u_core/u_ifu/pc_reg[8]) that has an active asychronous set or reset. This may cause corruption of the memory contents and/or read values when the set/reset is asserted and is not analyzed by the default static timing analysis. It is suggested to eliminate the use of a set/reset to registers driving this RAMB pin or else use a synchronous reset in which the assertion of the reset is timed by default.
WARNING: [DRC REQP-1839] RAMB36 async control check: The RAMB36E1 u_soc/u_code_rom/readdata_reg_0 has an input control pin u_soc/u_code_rom/readdata_reg_0/ADDRARDADDR[14] (net: u_soc/u_code_rom/ADDRARDADDR[11]) which is driven by a register (u_soc/u_core/u_lsu/state_reg) that has an active asychronous set or reset. This may cause corruption of the memory contents and/or read values when the set/reset is asserted and is not analyzed by the default static timing analysis. It is suggested to eliminate the use of a set/reset to registers driving this RAMB pin or else use a synchronous reset in which the assertion of the reset is timed by default.
WARNING: [DRC REQP-1839] RAMB36 async control check: The RAMB36E1 u_soc/u_code_rom/readdata_reg_0 has an input control pin u_soc/u_code_rom/readdata_reg_0/ADDRARDADDR[14] (net: u_soc/u_code_rom/ADDRARDADDR[11]) which is driven by a register (u_soc/u_core/u_rf/mem_reg[18][23]) that has an active asychronous set or reset. This may cause corruption of the memory contents and/or read values when the set/reset is asserted and is not analyzed by the default static timing analysis. It is suggested to eliminate the use of a set/reset to registers driving this RAMB pin or else use a synchronous reset in which the assertion of the reset is timed by default.
WARNING: [DRC REQP-1839] RAMB36 async control check: The RAMB36E1 u_soc/u_code_rom/readdata_reg_0 has an input control pin u_soc/u_code_rom/readdata_reg_0/ADDRARDADDR[14] (net: u_soc/u_code_rom/ADDRARDADDR[11]) which is driven by a register (u_soc/u_core/u_rf/mem_reg[1][20]) that has an active asychronous set or reset. This may cause corruption of the memory contents and/or read values when the set/reset is asserted and is not analyzed by the default static timing analysis. It is suggested to eliminate the use of a set/reset to registers driving this RAMB pin or else use a synchronous reset in which the assertion of the reset is timed by default.
WARNING: [DRC REQP-1839] RAMB36 async control check: The RAMB36E1 u_soc/u_code_rom/readdata_reg_0 has an input control pin u_soc/u_code_rom/readdata_reg_0/ADDRARDADDR[14] (net: u_soc/u_code_rom/ADDRARDADDR[11]) which is driven by a register (u_soc/u_core/u_rf/mem_reg[1][26]) that has an active asychronous set or reset. This may cause corruption of the memory contents and/or read values when the set/reset is asserted and is not analyzed by the default static timing analysis. It is suggested to eliminate the use of a set/reset to registers driving this RAMB pin or else use a synchronous reset in which the assertion of the reset is timed by default.
WARNING: [DRC REQP-1839] RAMB36 async control check: The RAMB36E1 u_soc/u_code_rom/readdata_reg_0 has an input control pin u_soc/u_code_rom/readdata_reg_0/ADDRARDADDR[14] (net: u_soc/u_code_rom/ADDRARDADDR[11]) which is driven by a register (u_soc/u_core/u_rf/mem_reg[1][27]) that has an active asychronous set or reset. This may cause corruption of the memory contents and/or read values when the set/reset is asserted and is not analyzed by the default static timing analysis. It is suggested to eliminate the use of a set/reset to registers driving this RAMB pin or else use a synchronous reset in which the assertion of the reset is timed by default.
WARNING: [DRC REQP-1839] RAMB36 async control check: The RAMB36E1 u_soc/u_code_rom/readdata_reg_0 has an input control pin u_soc/u_code_rom/readdata_reg_0/ADDRARDADDR[14] (net: u_soc/u_code_rom/ADDRARDADDR[11]) which is driven by a register (u_soc/u_core/u_rf/mem_reg[1][28]) that has an active asychronous set or reset. This may cause corruption of the memory contents and/or read values when the set/reset is asserted and is not analyzed by the default static timing analysis. It is suggested to eliminate the use of a set/reset to registers driving this RAMB pin or else use a synchronous reset in which the assertion of the reset is timed by default.
WARNING: [DRC REQP-1839] RAMB36 async control check: The RAMB36E1 u_soc/u_code_rom/readdata_reg_0 has an input control pin u_soc/u_code_rom/readdata_reg_0/ADDRARDADDR[14] (net: u_soc/u_code_rom/ADDRARDADDR[11]) which is driven by a register (u_soc/u_core/u_rf/mem_reg[22][8]) that has an active asychronous set or reset. This may cause corruption of the memory contents and/or read values when the set/reset is asserted and is not analyzed by the default static timing analysis. It is suggested to eliminate the use of a set/reset to registers driving this RAMB pin or else use a synchronous reset in which the assertion of the reset is timed by default.
WARNING: [DRC REQP-1839] RAMB36 async control check: The RAMB36E1 u_soc/u_code_rom/readdata_reg_0 has an input control pin u_soc/u_code_rom/readdata_reg_0/ADDRARDADDR[14] (net: u_soc/u_code_rom/ADDRARDADDR[11]) which is driven by a register (u_soc/u_core/u_rf/mem_reg[23][8]) that has an active asychronous set or reset. This may cause corruption of the memory contents and/or read values when the set/reset is asserted and is not analyzed by the default static timing analysis. It is suggested to eliminate the use of a set/reset to registers driving this RAMB pin or else use a synchronous reset in which the assertion of the reset is timed by default.
WARNING: [DRC REQP-1839] RAMB36 async control check: The RAMB36E1 u_soc/u_code_rom/readdata_reg_0 has an input control pin u_soc/u_code_rom/readdata_reg_0/ADDRARDADDR[14] (net: u_soc/u_code_rom/ADDRARDADDR[11]) which is driven by a register (u_soc/u_core/u_rf/mem_reg[7][12]) that has an active asychronous set or reset. This may cause corruption of the memory contents and/or read values when the set/reset is asserted and is not analyzed by the default static timing analysis. It is suggested to eliminate the use of a set/reset to registers driving this RAMB pin or else use a synchronous reset in which the assertion of the reset is timed by default.
WARNING: [DRC REQP-1839] RAMB36 async control check: The RAMB36E1 u_soc/u_code_rom/readdata_reg_0 has an input control pin u_soc/u_code_rom/readdata_reg_0/ADDRARDADDR[14] (net: u_soc/u_code_rom/ADDRARDADDR[11]) which is driven by a register (u_soc/u_core/u_rf/mem_reg[9][0]) that has an active asychronous set or reset. This may cause corruption of the memory contents and/or read values when the set/reset is asserted and is not analyzed by the default static timing analysis. It is suggested to eliminate the use of a set/reset to registers driving this RAMB pin or else use a synchronous reset in which the assertion of the reset is timed by default.
WARNING: [DRC REQP-1839] RAMB36 async control check: The RAMB36E1 u_soc/u_code_rom/readdata_reg_0 has an input control pin u_soc/u_code_rom/readdata_reg_0/ADDRARDADDR[14] (net: u_soc/u_code_rom/ADDRARDADDR[11]) which is driven by a register (u_soc/u_core/u_rf/mem_reg[9][14]) that has an active asychronous set or reset. This may cause corruption of the memory contents and/or read values when the set/reset is asserted and is not analyzed by the default static timing analysis. It is suggested to eliminate the use of a set/reset to registers driving this RAMB pin or else use a synchronous reset in which the assertion of the reset is timed by default.
WARNING: [Power 33-332] Found switching activity that implies high-fanout reset nets being asserted for excessive periods of time which may result in inaccurate power analysis.
WARNING: [DRC CHECK-3] Report rule limit reached: REQP-1839 rule limit reached: 20 violations have been found.
WARNING: [DRC REQP-1839] RAMB36 async control check: The RAMB36E1 u_soc/u_code_rom/readdata_reg_0 has an input control pin u_soc/u_code_rom/readdata_reg_0/ADDRARDADDR[14] (net: u_soc/u_code_rom/ADDRARDADDR[11]) which is driven by a register (u_soc/u_core/u_ifu/pc_reg[22]) that has an active asychronous set or reset. This may cause corruption of the memory contents and/or read values when the set/reset is asserted and is not analyzed by the default static timing analysis. It is suggested to eliminate the use of a set/reset to registers driving this RAMB pin or else use a synchronous reset in which the assertion of the reset is timed by default.
WARNING: [DRC REQP-1839] RAMB36 async control check: The RAMB36E1 u_soc/u_code_rom/readdata_reg_0 has an input control pin u_soc/u_code_rom/readdata_reg_0/ADDRARDADDR[14] (net: u_soc/u_code_rom/ADDRARDADDR[11]) which is driven by a register (u_soc/u_core/u_ifu/pc_reg[24]) that has an active asychronous set or reset. This may cause corruption of the memory contents and/or read values when the set/reset is asserted and is not analyzed by the default static timing analysis. It is suggested to eliminate the use of a set/reset to registers driving this RAMB pin or else use a synchronous reset in which the assertion of the reset is timed by default.
WARNING: [DRC REQP-1839] RAMB36 async control check: The RAMB36E1 u_soc/u_code_rom/readdata_reg_0 has an input control pin u_soc/u_code_rom/readdata_reg_0/ADDRARDADDR[14] (net: u_soc/u_code_rom/ADDRARDADDR[11]) which is driven by a register (u_soc/u_core/u_ifu/pc_reg[25]) that has an active asychronous set or reset. This may cause corruption of the memory contents and/or read values when the set/reset is asserted and is not analyzed by the default static timing analysis. It is suggested to eliminate the use of a set/reset to registers driving this RAMB pin or else use a synchronous reset in which the assertion of the reset is timed by default.
WARNING: [DRC REQP-1839] RAMB36 async control check: The RAMB36E1 u_soc/u_code_rom/readdata_reg_0 has an input control pin u_soc/u_code_rom/readdata_reg_0/ADDRARDADDR[14] (net: u_soc/u_code_rom/ADDRARDADDR[11]) which is driven by a register (u_soc/u_core/u_ifu/pc_reg[26]) that has an active asychronous set or reset. This may cause corruption of the memory contents and/or read values when the set/reset is asserted and is not analyzed by the default static timing analysis. It is suggested to eliminate the use of a set/reset to registers driving this RAMB pin or else use a synchronous reset in which the assertion of the reset is timed by default.
WARNING: [DRC REQP-1839] RAMB36 async control check: The RAMB36E1 u_soc/u_code_rom/readdata_reg_0 has an input control pin u_soc/u_code_rom/readdata_reg_0/ADDRARDADDR[14] (net: u_soc/u_code_rom/ADDRARDADDR[11]) which is driven by a register (u_soc/u_core/u_ifu/pc_reg[4]) that has an active asychronous set or reset. This may cause corruption of the memory contents and/or read values when the set/reset is asserted and is not analyzed by the default static timing analysis. It is suggested to eliminate the use of a set/reset to registers driving this RAMB pin or else use a synchronous reset in which the assertion of the reset is timed by default.
WARNING: [DRC REQP-1839] RAMB36 async control check: The RAMB36E1 u_soc/u_code_rom/readdata_reg_0 has an input control pin u_soc/u_code_rom/readdata_reg_0/ADDRARDADDR[14] (net: u_soc/u_code_rom/ADDRARDADDR[11]) which is driven by a register (u_soc/u_core/u_ifu/pc_reg[5]) that has an active asychronous set or reset. This may cause corruption of the memory contents and/or read values when the set/reset is asserted and is not analyzed by the default static timing analysis. It is suggested to eliminate the use of a set/reset to registers driving this RAMB pin or else use a synchronous reset in which the assertion of the reset is timed by default.
WARNING: [DRC REQP-1839] RAMB36 async control check: The RAMB36E1 u_soc/u_code_rom/readdata_reg_0 has an input control pin u_soc/u_code_rom/readdata_reg_0/ADDRARDADDR[14] (net: u_soc/u_code_rom/ADDRARDADDR[11]) which is driven by a register (u_soc/u_core/u_ifu/pc_reg[6]) that has an active asychronous set or reset. This may cause corruption of the memory contents and/or read values when the set/reset is asserted and is not analyzed by the default static timing analysis. It is suggested to eliminate the use of a set/reset to registers driving this RAMB pin or else use a synchronous reset in which the assertion of the reset is timed by default.
WARNING: [DRC REQP-1839] RAMB36 async control check: The RAMB36E1 u_soc/u_code_rom/readdata_reg_0 has an input control pin u_soc/u_code_rom/readdata_reg_0/ADDRARDADDR[14] (net: u_soc/u_code_rom/ADDRARDADDR[11]) which is driven by a register (u_soc/u_core/u_ifu/pc_reg[7]) that has an active asychronous set or reset. This may cause corruption of the memory contents and/or read values when the set/reset is asserted and is not analyzed by the default static timing analysis. It is suggested to eliminate the use of a set/reset to registers driving this RAMB pin or else use a synchronous reset in which the assertion of the reset is timed by default.
WARNING: [DRC REQP-1839] RAMB36 async control check: The RAMB36E1 u_soc/u_code_rom/readdata_reg_0 has an input control pin u_soc/u_code_rom/readdata_reg_0/ADDRARDADDR[14] (net: u_soc/u_code_rom/ADDRARDADDR[11]) which is driven by a register (u_soc/u_core/u_ifu/pc_reg[8]) that has an active asychronous set or reset. This may cause corruption of the memory contents and/or read values when the set/reset is asserted and is not analyzed by the default static timing analysis. It is suggested to eliminate the use of a set/reset to registers driving this RAMB pin or else use a synchronous reset in which the assertion of the reset is timed by default.
WARNING: [DRC REQP-1839] RAMB36 async control check: The RAMB36E1 u_soc/u_code_rom/readdata_reg_0 has an input control pin u_soc/u_code_rom/readdata_reg_0/ADDRARDADDR[14] (net: u_soc/u_code_rom/ADDRARDADDR[11]) which is driven by a register (u_soc/u_core/u_lsu/state_reg) that has an active asychronous set or reset. This may cause corruption of the memory contents and/or read values when the set/reset is asserted and is not analyzed by the default static timing analysis. It is suggested to eliminate the use of a set/reset to registers driving this RAMB pin or else use a synchronous reset in which the assertion of the reset is timed by default.
WARNING: [DRC REQP-1839] RAMB36 async control check: The RAMB36E1 u_soc/u_code_rom/readdata_reg_0 has an input control pin u_soc/u_code_rom/readdata_reg_0/ADDRARDADDR[14] (net: u_soc/u_code_rom/ADDRARDADDR[11]) which is driven by a register (u_soc/u_core/u_rf/mem_reg[18][23]) that has an active asychronous set or reset. This may cause corruption of the memory contents and/or read values when the set/reset is asserted and is not analyzed by the default static timing analysis. It is suggested to eliminate the use of a set/reset to registers driving this RAMB pin or else use a synchronous reset in which the assertion of the reset is timed by default.
WARNING: [DRC REQP-1839] RAMB36 async control check: The RAMB36E1 u_soc/u_code_rom/readdata_reg_0 has an input control pin u_soc/u_code_rom/readdata_reg_0/ADDRARDADDR[14] (net: u_soc/u_code_rom/ADDRARDADDR[11]) which is driven by a register (u_soc/u_core/u_rf/mem_reg[1][20]) that has an active asychronous set or reset. This may cause corruption of the memory contents and/or read values when the set/reset is asserted and is not analyzed by the default static timing analysis. It is suggested to eliminate the use of a set/reset to registers driving this RAMB pin or else use a synchronous reset in which the assertion of the reset is timed by default.
WARNING: [DRC REQP-1839] RAMB36 async control check: The RAMB36E1 u_soc/u_code_rom/readdata_reg_0 has an input control pin u_soc/u_code_rom/readdata_reg_0/ADDRARDADDR[14] (net: u_soc/u_code_rom/ADDRARDADDR[11]) which is driven by a register (u_soc/u_core/u_rf/mem_reg[1][26]) that has an active asychronous set or reset. This may cause corruption of the memory contents and/or read values when the set/reset is asserted and is not analyzed by the default static timing analysis. It is suggested to eliminate the use of a set/reset to registers driving this RAMB pin or else use a synchronous reset in which the assertion of the reset is timed by default.
WARNING: [DRC REQP-1839] RAMB36 async control check: The RAMB36E1 u_soc/u_code_rom/readdata_reg_0 has an input control pin u_soc/u_code_rom/readdata_reg_0/ADDRARDADDR[14] (net: u_soc/u_code_rom/ADDRARDADDR[11]) which is driven by a register (u_soc/u_core/u_rf/mem_reg[1][27]) that has an active asychronous set or reset. This may cause corruption of the memory contents and/or read values when the set/reset is asserted and is not analyzed by the default static timing analysis. It is suggested to eliminate the use of a set/reset to registers driving this RAMB pin or else use a synchronous reset in which the assertion of the reset is timed by default.
WARNING: [DRC REQP-1839] RAMB36 async control check: The RAMB36E1 u_soc/u_code_rom/readdata_reg_0 has an input control pin u_soc/u_code_rom/readdata_reg_0/ADDRARDADDR[14] (net: u_soc/u_code_rom/ADDRARDADDR[11]) which is driven by a register (u_soc/u_core/u_rf/mem_reg[1][28]) that has an active asychronous set or reset. This may cause corruption of the memory contents and/or read values when the set/reset is asserted and is not analyzed by the default static timing analysis. It is suggested to eliminate the use of a set/reset to registers driving this RAMB pin or else use a synchronous reset in which the assertion of the reset is timed by default.
WARNING: [DRC REQP-1839] RAMB36 async control check: The RAMB36E1 u_soc/u_code_rom/readdata_reg_0 has an input control pin u_soc/u_code_rom/readdata_reg_0/ADDRARDADDR[14] (net: u_soc/u_code_rom/ADDRARDADDR[11]) which is driven by a register (u_soc/u_core/u_rf/mem_reg[22][8]) that has an active asychronous set or reset. This may cause corruption of the memory contents and/or read values when the set/reset is asserted and is not analyzed by the default static timing analysis. It is suggested to eliminate the use of a set/reset to registers driving this RAMB pin or else use a synchronous reset in which the assertion of the reset is timed by default.
WARNING: [DRC REQP-1839] RAMB36 async control check: The RAMB36E1 u_soc/u_code_rom/readdata_reg_0 has an input control pin u_soc/u_code_rom/readdata_reg_0/ADDRARDADDR[14] (net: u_soc/u_code_rom/ADDRARDADDR[11]) which is driven by a register (u_soc/u_core/u_rf/mem_reg[23][8]) that has an active asychronous set or reset. This may cause corruption of the memory contents and/or read values when the set/reset is asserted and is not analyzed by the default static timing analysis. It is suggested to eliminate the use of a set/reset to registers driving this RAMB pin or else use a synchronous reset in which the assertion of the reset is timed by default.
WARNING: [DRC REQP-1839] RAMB36 async control check: The RAMB36E1 u_soc/u_code_rom/readdata_reg_0 has an input control pin u_soc/u_code_rom/readdata_reg_0/ADDRARDADDR[14] (net: u_soc/u_code_rom/ADDRARDADDR[11]) which is driven by a register (u_soc/u_core/u_rf/mem_reg[7][12]) that has an active asychronous set or reset. This may cause corruption of the memory contents and/or read values when the set/reset is asserted and is not analyzed by the default static timing analysis. It is suggested to eliminate the use of a set/reset to registers driving this RAMB pin or else use a synchronous reset in which the assertion of the reset is timed by default.
WARNING: [DRC REQP-1839] RAMB36 async control check: The RAMB36E1 u_soc/u_code_rom/readdata_reg_0 has an input control pin u_soc/u_code_rom/readdata_reg_0/ADDRARDADDR[14] (net: u_soc/u_code_rom/ADDRARDADDR[11]) which is driven by a register (u_soc/u_core/u_rf/mem_reg[9][0]) that has an active asychronous set or reset. This may cause corruption of the memory contents and/or read values when the set/reset is asserted and is not analyzed by the default static timing analysis. It is suggested to eliminate the use of a set/reset to registers driving this RAMB pin or else use a synchronous reset in which the assertion of the reset is timed by default.
WARNING: [DRC REQP-1839] RAMB36 async control check: The RAMB36E1 u_soc/u_code_rom/readdata_reg_0 has an input control pin u_soc/u_code_rom/readdata_reg_0/ADDRARDADDR[14] (net: u_soc/u_code_rom/ADDRARDADDR[11]) which is driven by a register (u_soc/u_core/u_rf/mem_reg[9][14]) that has an active asychronous set or reset. This may cause corruption of the memory contents and/or read values when the set/reset is asserted and is not analyzed by the default static timing analysis. It is suggested to eliminate the use of a set/reset to registers driving this RAMB pin or else use a synchronous reset in which the assertion of the reset is timed by default.
